******************************************************************************
                  TI ARM Linker PC v20.2.7                     
******************************************************************************
>> Linked Wed Sep 27 18:25:51 2023

OUTPUT FILE NAME:   <lab5_3.2.out>
ENTRY POINT SYMBOL: "_c_int00_noargs"  address: 000036a9


MEMORY CONFIGURATION

         name            origin    length      used     unused   attr    fill
----------------------  --------  ---------  --------  --------  ----  --------
  FLASH                 00000000   00100000  00003b22  000fc4de  R  X
  SRAM                  20000000   00040000  0000c6f0  00033910  RW X


SEGMENT ALLOCATION MAP

run origin  load origin   length   init length attrs members
----------  ----------- ---------- ----------- ----- -------
00000000    00000000    00003b28   00003b28    r-x
  00000000    00000000    00000208   00000208    r-- .intvecs
  00000208    00000208    000035e2   000035e2    r-x .text
  000037ec    000037ec    00000300   00000300    r-- .const
  00003af0    00003af0    00000038   00000038    r-- .cinit
20000000    20000000    0000c6f4   00000000    rw-
  20000000    20000000    0000c4a4   00000000    rw- .bss
  2000c4a8    2000c4a8    00000200   00000000    rw- .stack
  2000c6a8    2000c6a8    0000004c   00000000    rw- .data


SECTION ALLOCATION MAP

 output                                  attributes/
section   page    origin      length       input sections
--------  ----  ----------  ----------   ----------------
.intvecs   0    00000000    00000208     
                  00000000    00000208     tm4c129encpdt_startup_ccs.obj (.intvecs)

.text      0    00000208    000035e2     
                  00000208    00001180     tasks.obj (.text)
                  00001388    00000914     main.obj (.text)
                  00001c9c    000006c4     queue.obj (.text)
                  00002360    0000038c     timers.obj (.text)
                  000026ec    00000200     driverlib.lib : sysctl.obj (.text:SysCtlClockFreqSet)
                  000028ec    000001b6     rtsv7M4_T_le_v4SPD16_eabi.lib : fd_add_t2.asm.obj (.text)
                  00002aa2    00000002                                   : div0.asm.obj (.text)
                  00002aa4    0000016c     driverlib.lib : gpio.obj (.text:GPIOPadConfigSet)
                  00002c10    00000136     rtsv7M4_T_le_v4SPD16_eabi.lib : fd_div_t2.asm.obj (.text)
                  00002d46    00000002     --HOLE-- [fill = 0]
                  00002d48    00000118     heap_2.obj (.text)
                  00002e60    000000fc     rtsv7M4_T_le_v4SPD16_eabi.lib : fd_mul_t2.asm.obj (.text)
                  00002f5c    000000f8                                   : s_floor.c.obj (.text:floor)
                  00003054    000000dc     port.obj (.text)
                  00003130    000000d2     portasm.obj (.text)
                  00003202    0000009c     rtsv7M4_T_le_v4SPD16_eabi.lib : memcpy_t2.asm.obj (.text)
                  0000329e    0000008c     list.obj (.text)
                  0000332a    00000086     rtsv7M4_T_le_v4SPD16_eabi.lib : fd_cmp_t2.asm.obj (.text:__aeabi_cdrcmple)
                  000033b0    0000007a                                   : memset_t2.asm.obj (.text)
                  0000342a    00000068                                   : copy_decompress_lzss.c.obj (.text:decompress:lzss:__TI_decompress_lzss)
                  00003492    00000002     --HOLE-- [fill = 0]
                  00003494    0000004c     driverlib.lib : gpio.obj (.text:GPIOPinConfigure)
                  000034e0    00000048                   : sysctl.obj (.text:_SysCtlFrequencyGet)
                  00003528    00000048     rtsv7M4_T_le_v4SPD16_eabi.lib : fd_toi_t2.asm.obj (.text)
                  00003570    00000046     driverlib.lib : uart.obj (.text:UARTConfigSetExpClk)
                  000035b6    00000002     --HOLE-- [fill = 0]
                  000035b8    00000044     rtsv7M4_T_le_v4SPD16_eabi.lib : autoinit.c.obj (.text:__TI_auto_init_nobinit_nopinit:__TI_auto_init_nobinit_nopinit)
                  000035fc    00000040                                   : u_divt2.asm.obj (.text)
                  0000363c    00000038     driverlib.lib : sysctl.obj (.text:SysCtlPeripheralPresent)
                  00003674    00000034                   : sysctl.obj (.text:SysCtlPeripheralEnable)
                  000036a8    00000034     rtsv7M4_T_le_v4SPD16_eabi.lib : boot_cortex_m.c.obj (.text:_c_int00_noargs:_c_int00_noargs)
                  000036dc    0000002e                                   : i_tofd_t2.asm.obj (.text)
                  0000370a    0000002c     driverlib.lib : gpio.obj (.text:GPIODirModeSet)
                  00003736    00000002     --HOLE-- [fill = 0]
                  00003738    00000020                   : uart.obj (.text:UARTDisable)
                  00003758    00000020                   : sysctl.obj (.text:_SysCtlMemTimingGet)
                  00003778    00000016                   : gpio.obj (.text:GPIOPinTypeUART)
                  0000378e    00000014                   : uart.obj (.text:UARTEnable)
                  000037a2    0000000e     rtsv7M4_T_le_v4SPD16_eabi.lib : copy_decompress_none.c.obj (.text:decompress:none:__TI_decompress_none)
                  000037b0    0000000c                                   : copy_zero_init.c.obj (.text:decompress:ZI:__TI_zero_init)
                  000037bc    0000000c     tm4c129encpdt_startup_ccs.obj (.text)
                  000037c8    0000000a     driverlib.lib : uart.obj (.text:UARTCharGet)
                  000037d2    0000000a                   : uart.obj (.text:UARTCharPut)
                  000037dc    00000006                   : uart.obj (.text:UARTClockSourceSet)
                  000037e2    00000004     rtsv7M4_T_le_v4SPD16_eabi.lib : pre_init.c.obj (.text:_system_pre_init)
                  000037e6    00000004                                   : exit.c.obj (.text:abort:abort)

.const     0    000037ec    00000300     
                  000037ec    000001b0     driverlib.lib : sysctl.obj (.const:g_pppui32XTALtoVCO)
                  0000399c    00000090                   : gpio.obj (.const:g_pui32GPIOBaseAddrs)
                  00003a2c    0000006c                   : sysctl.obj (.const:g_pui32Xtals)
                  00003a98    00000030                   : sysctl.obj (.const:g_sXTALtoMEMTIM)
                  00003ac8    0000000c     main.obj (.const:g_ui32UARTBase)
                  00003ad4    0000000c     main.obj (.const:g_ui32UARTPeriph)
                  00003ae0    00000008     driverlib.lib : sysctl.obj (.const:g_pui32VCOFrequencies)
                  00003ae8    00000004     port.obj (.const)

.cinit     0    00003af0    00000038     
                  00003af0    00000010     (.cinit..data.load) [load image, compression = lzss]
                  00003b00    0000000c     (__TI_handler_table)
                  00003b0c    00000004     --HOLE-- [fill = 0]
                  00003b10    00000008     (.cinit..bss.load) [load image, compression = zero_init]
                  00003b18    00000010     (__TI_cinit_table)

.init_array 
*          0    00000000    00000000     UNINITIALIZED

.bss       0    20000000    0000c4a4     UNINITIALIZED
                  20000000    0000c350     heap_2.obj (.bss:ucHeap)
                  2000c350    00000064     tasks.obj (.bss:pxReadyTasksLists)
                  2000c3b4    00000040     (.common:xQueueRegistry)
                  2000c3f4    00000014     timers.obj (.bss:xActiveTimerList1)
                  2000c408    00000014     timers.obj (.bss:xActiveTimerList2)
                  2000c41c    00000014     tasks.obj (.bss:xDelayedTaskList1)
                  2000c430    00000014     tasks.obj (.bss:xDelayedTaskList2)
                  2000c444    00000014     tasks.obj (.bss:xPendingReadyList)
                  2000c458    00000014     tasks.obj (.bss:xSuspendedTaskList)
                  2000c46c    00000014     tasks.obj (.bss:xTasksWaitingTermination)
                  2000c480    00000008     tasks.obj (.bss)
                  2000c488    00000008     timers.obj (.bss)
                  2000c490    00000008     heap_2.obj (.bss:xEnd)
                  2000c498    00000008     heap_2.obj (.bss:xStart)
                  2000c4a0    00000004     (.common:mutex_handle)

.data      0    2000c6a8    0000004c     UNINITIALIZED
                  2000c6a8    00000030     tasks.obj (.data)
                  2000c6d8    00000008     heap_2.obj (.data)
                  2000c6e0    00000008     timers.obj (.data)
                  2000c6e8    00000005     main.obj (.data)
                  2000c6ed    00000003     --HOLE--
                  2000c6f0    00000004     port.obj (.data)

.stack     0    2000c4a8    00000200     UNINITIALIZED
                  2000c4a8    00000004     rtsv7M4_T_le_v4SPD16_eabi.lib : boot_cortex_m.c.obj (.stack)
                  2000c4ac    000001fc     --HOLE--

__llvm_prf_cnts 
*          0    20000000    00000000     UNINITIALIZED

MODULE SUMMARY

       Module                          code    ro data   rw data
       ------                          ----    -------   -------
    .\
       main.obj                        2324    24        9      
       tm4c129encpdt_startup_ccs.obj   12      520       0      
    +--+-------------------------------+-------+---------+---------+
       Total:                          2336    544       9      
                                                                
    .\FreeRTOS\
       tasks.obj                       4480    0         256    
       queue.obj                       1732    0         64     
       timers.obj                      908     0         56     
       list.obj                        140     0         0      
    +--+-------------------------------+-------+---------+---------+
       Total:                          7260    0         376    
                                                                
    .\FreeRTOS\portable\CCS\ARM_CM4F\
       port.obj                        220     4         4      
       portasm.obj                     210     0         0      
    +--+-------------------------------+-------+---------+---------+
       Total:                          430     4         4      
                                                                
    .\FreeRTOS\portable\MemMang\
       heap_2.obj                      280     0         50024  
    +--+-------------------------------+-------+---------+---------+
       Total:                          280     0         50024  
                                                                
    C:/ti/TivaWare_C_Series-2.2.0.295/driverlib/ccs/Debug/driverlib.lib
       sysctl.obj                      724     596       0      
       gpio.obj                        506     144       0      
       uart.obj                        148     0         0      
    +--+-------------------------------+-------+---------+---------+
       Total:                          1378    740       0      
                                                                
    C:\ti\ccs1240\ccs\tools\compiler\ti-cgt-arm_20.2.7.LTS\lib\rtsv7M4_T_le_v4SPD16_eabi.lib
       fd_add_t2.asm.obj               438     0         0      
       fd_div_t2.asm.obj               310     0         0      
       fd_mul_t2.asm.obj               252     0         0      
       s_floor.c.obj                   248     0         0      
       memcpy_t2.asm.obj               156     0         0      
       fd_cmp_t2.asm.obj               134     0         0      
       memset_t2.asm.obj               122     0         0      
       copy_decompress_lzss.c.obj      104     0         0      
       fd_toi_t2.asm.obj               72      0         0      
       autoinit.c.obj                  68      0         0      
       u_divt2.asm.obj                 64      0         0      
       boot_cortex_m.c.obj             52      0         0      
       i_tofd_t2.asm.obj               46      0         0      
       copy_decompress_none.c.obj      14      0         0      
       copy_zero_init.c.obj            12      0         0      
       exit.c.obj                      4       0         0      
       pre_init.c.obj                  4       0         0      
       div0.asm.obj                    2       0         0      
    +--+-------------------------------+-------+---------+---------+
       Total:                          2102    0         0      
                                                                
       Stack:                          0       0         512    
       Linker Generated:               0       52        0      
    +--+-------------------------------+-------+---------+---------+
       Grand Total:                    13786   1340      50925  


LINKER GENERATED COPY TABLES

__TI_cinit_table @ 00003b18 records: 2, size/record: 8, table size: 16
	.data: load addr=00003af0, load size=00000010 bytes, run addr=2000c6a8, run size=0000004c bytes, compression=lzss
	.bss: load addr=00003b10, load size=00000008 bytes, run addr=20000000, run size=0000c4a4 bytes, compression=zero_init


LINKER GENERATED HANDLER TABLE

__TI_handler_table @ 00003b00 records: 3, size/record: 4, table size: 12
	index: 0, handler: __TI_decompress_lzss
	index: 1, handler: __TI_decompress_none
	index: 2, handler: __TI_zero_init


GLOBAL SYMBOLS: SORTED ALPHABETICALLY BY Name 

address   name                             
-------   ----                             
000037e7  C$$EXIT                          
00001835  ConfigureUART                    
0000370b  GPIODirModeSet                   
00002aa5  GPIOPadConfigSet                 
00003495  GPIOPinConfigure                 
00003779  GPIOPinTypeUART                  
000037bd  ResetISR                         
000026ed  SysCtlClockFreqSet               
00003675  SysCtlPeripheralEnable           
0000363d  SysCtlPeripheralPresent          
000037c9  UARTCharGet                      
000037d3  UARTCharPut                      
000037dd  UARTClockSourceSet               
00003571  UARTConfigSetExpClk              
00003739  UARTDisable                      
0000378f  UARTEnable                       
000017e1  UARTStdioConfig                  
00001b79  UARTgetc                         
00001ae9  UARTgets                         
000015c1  UARTprintf                       
000013eb  UARTvprintf                      
000013a7  UARTwrite                        
2000c6a8  __STACK_END                      
00000200  __STACK_SIZE                     
2000c6a8  __STACK_TOP                      
00003b18  __TI_CINIT_Base                  
00003b28  __TI_CINIT_Limit                 
00003b00  __TI_Handler_Table_Base          
00003b0c  __TI_Handler_Table_Limit         
000035b9  __TI_auto_init_nobinit_nopinit   
0000342b  __TI_decompress_lzss             
000037a3  __TI_decompress_none             
ffffffff  __TI_pprof_out_hndl              
ffffffff  __TI_prof_data_size              
ffffffff  __TI_prof_data_start             
00000000  __TI_static_base__               
000037b1  __TI_zero_init                   
0000332b  __aeabi_cdrcmple                 
00003529  __aeabi_d2iz                     
000028f7  __aeabi_dadd                     
00002c11  __aeabi_ddiv                     
00002e61  __aeabi_dmul                     
000028ed  __aeabi_dsub                     
000036dd  __aeabi_i2d                      
00002aa3  __aeabi_idiv0                    
00002aa3  __aeabi_ldiv0                    
000033b1  __aeabi_memclr                   
000033b1  __aeabi_memclr4                  
000033b1  __aeabi_memclr8                  
00003203  __aeabi_memcpy                   
00003203  __aeabi_memcpy4                  
00003203  __aeabi_memcpy8                  
000033b3  __aeabi_memset                   
000033b3  __aeabi_memset4                  
000033b3  __aeabi_memset8                  
000035fd  __aeabi_uidiv                    
000035fd  __aeabi_uidivmod                 
ffffffff  __binit__                        
ffffffff  __c_args__                       
000013a5  __error__                        
UNDEFED   __mpu_init                       
2000c4a8  __stack                          
20000000  __start___llvm_prf_cnts          
20000000  __stop___llvm_prf_cnts           
000036a9  _c_int00_noargs                  
UNDEFED   _system_post_cinit               
000037e3  _system_pre_init                 
000037e7  abort                            
ffffffff  binit                            
00002f5d  floor                            
00002f5d  floorl                           
00000000  g_pfnVectors                     
00001931  main                             
00003203  memcpy                           
000033b9  memset                           
2000c4a0  mutex_handle                     
000026c5  pcTimerGetTimerName              
00002db1  pvPortMalloc                     
000012bf  pvTaskIncrementMutexHeldCount    
00002477  pvTimerGetTimerID                
2000c6a8  pxCurrentTCB                     
000030eb  pxPortInitialiseStack            
0000170b  task1                            
000016ab  task2                            
000015e1  task3                            
00002353  ucQueueGetQueueType              
00003ae8  ulMaxSyscallInterruptPriority    
00003141  ulPortGetIPSR                    
00001231  ulTaskNotifyTake                 
0000330b  uxListRemove                     
0000234f  uxQueueGetQueueNumber            
0000233d  uxQueueMessagesWaiting           
00002339  uxQueueMessagesWaitingFromISR    
00002325  uxQueueSpacesAvailable           
00001211  uxTaskGetNumberOfTasks           
0000118d  uxTaskGetSystemState             
000010e5  uxTaskGetTaskNumber              
000010c9  uxTaskPriorityGet                
000010a9  uxTaskPriorityGetFromISR         
00001095  uxTaskResetEventItemValue        
000032f5  vListInitialise                  
000032ef  vListInitialiseItem              
000032b7  vListInsert                      
0000329f  vListInsertEnd                   
000031f5  vPortEnableVFP                   
000030e9  vPortEndScheduler                
000030d1  vPortEnterCritical               
000030bf  vPortExitCritical                
00002d51  vPortFree                        
00002d4f  vPortInitialiseBlocks            
000031b9  vPortSVCHandler                  
0000307b  vPortSetupTimerInterrupt         
000031d9  vPortStartFirstTask              
00002309  vQueueAddToRegistry              
000022f9  vQueueDelete                     
000022f5  vQueueSetQueueNumber             
000022db  vQueueUnregisterQueue            
0000229b  vQueueWaitForMessageRestricted   
00001049  vTaskDelay                       
00000fcb  vTaskDelayUntil                  
00000f39  vTaskDelete                      
00000f21  vTaskEndScheduler                
00000f19  vTaskMissedYield                 
00000e99  vTaskNotifyGiveFromISR           
00000e35  vTaskPlaceOnEventList            
00000dd5  vTaskPlaceOnEventListRestricted  
00000d71  vTaskPlaceOnUnorderedEventList   
00000ced  vTaskPriorityInherit             
00000c1d  vTaskPrioritySet                 
00000bb1  vTaskResume                      
00000b95  vTaskSetTaskNumber               
000009f9  vTaskSetTimeOutState             
00000b47  vTaskStartScheduler              
00000ab5  vTaskSuspend                     
00000aa5  vTaskSuspendAll                  
00000a53  vTaskSwitchContext               
00002461  vTimerSetTimerID                 
00001389  workload_function                
00002d49  xPortGetFreeHeapSize             
00003159  xPortPendSVHandler               
00003087  xPortStartScheduler              
00003055  xPortSysTickHandler              
00002287  xQueueCreateCountingSemaphore    
00002239  xQueueCreateMutex                
000021fd  xQueueGenericCreate              
00001d3f  xQueueGenericReceive             
0000217f  xQueueGenericReset               
00001fb7  xQueueGenericSend                
00002123  xQueueGenericSendFromISR         
000020cd  xQueueGiveFromISR                
000020a1  xQueueGiveMutexRecursive         
00001f1d  xQueueIsQueueEmptyFromISR        
00001f0f  xQueueIsQueueFullFromISR         
00001edd  xQueuePeekFromISR                
00001e81  xQueueReceiveFromISR             
2000c3b4  xQueueRegistry                   
00001e51  xQueueTakeMutexRecursive         
00000a07  xTaskCheckForTimeOut             
0000090d  xTaskGenericCreate               
00000791  xTaskGenericNotify               
000006e1  xTaskGenericNotifyFromISR        
000006d5  xTaskGetCurrentTaskHandle        
000006bd  xTaskGetSchedulerState           
000006b1  xTaskGetTickCount                
000006ab  xTaskGetTickCountFromISR         
000002ad  xTaskIncrementTick               
00000681  xTaskNotifyStateClear            
000005c5  xTaskNotifyWait                  
000004f9  xTaskPriorityDisinherit          
00000495  xTaskRemoveFromEventList         
00000445  xTaskRemoveFromUnorderedEventList
00000389  xTaskResumeAll                   
00000223  xTaskResumeFromISR               
00002427  xTimerCreate                     
000023f5  xTimerCreateTimerTask            
00002379  xTimerGenericCommand             
00002361  xTimerIsTimerActive              


GLOBAL SYMBOLS: SORTED BY Symbol Address 

address   name                             
-------   ----                             
00000000  __TI_static_base__               
00000000  g_pfnVectors                     
00000200  __STACK_SIZE                     
00000223  xTaskResumeFromISR               
000002ad  xTaskIncrementTick               
00000389  xTaskResumeAll                   
00000445  xTaskRemoveFromUnorderedEventList
00000495  xTaskRemoveFromEventList         
000004f9  xTaskPriorityDisinherit          
000005c5  xTaskNotifyWait                  
00000681  xTaskNotifyStateClear            
000006ab  xTaskGetTickCountFromISR         
000006b1  xTaskGetTickCount                
000006bd  xTaskGetSchedulerState           
000006d5  xTaskGetCurrentTaskHandle        
000006e1  xTaskGenericNotifyFromISR        
00000791  xTaskGenericNotify               
0000090d  xTaskGenericCreate               
000009f9  vTaskSetTimeOutState             
00000a07  xTaskCheckForTimeOut             
00000a53  vTaskSwitchContext               
00000aa5  vTaskSuspendAll                  
00000ab5  vTaskSuspend                     
00000b47  vTaskStartScheduler              
00000b95  vTaskSetTaskNumber               
00000bb1  vTaskResume                      
00000c1d  vTaskPrioritySet                 
00000ced  vTaskPriorityInherit             
00000d71  vTaskPlaceOnUnorderedEventList   
00000dd5  vTaskPlaceOnEventListRestricted  
00000e35  vTaskPlaceOnEventList            
00000e99  vTaskNotifyGiveFromISR           
00000f19  vTaskMissedYield                 
00000f21  vTaskEndScheduler                
00000f39  vTaskDelete                      
00000fcb  vTaskDelayUntil                  
00001049  vTaskDelay                       
00001095  uxTaskResetEventItemValue        
000010a9  uxTaskPriorityGetFromISR         
000010c9  uxTaskPriorityGet                
000010e5  uxTaskGetTaskNumber              
0000118d  uxTaskGetSystemState             
00001211  uxTaskGetNumberOfTasks           
00001231  ulTaskNotifyTake                 
000012bf  pvTaskIncrementMutexHeldCount    
00001389  workload_function                
000013a5  __error__                        
000013a7  UARTwrite                        
000013eb  UARTvprintf                      
000015c1  UARTprintf                       
000015e1  task3                            
000016ab  task2                            
0000170b  task1                            
000017e1  UARTStdioConfig                  
00001835  ConfigureUART                    
00001931  main                             
00001ae9  UARTgets                         
00001b79  UARTgetc                         
00001d3f  xQueueGenericReceive             
00001e51  xQueueTakeMutexRecursive         
00001e81  xQueueReceiveFromISR             
00001edd  xQueuePeekFromISR                
00001f0f  xQueueIsQueueFullFromISR         
00001f1d  xQueueIsQueueEmptyFromISR        
00001fb7  xQueueGenericSend                
000020a1  xQueueGiveMutexRecursive         
000020cd  xQueueGiveFromISR                
00002123  xQueueGenericSendFromISR         
0000217f  xQueueGenericReset               
000021fd  xQueueGenericCreate              
00002239  xQueueCreateMutex                
00002287  xQueueCreateCountingSemaphore    
0000229b  vQueueWaitForMessageRestricted   
000022db  vQueueUnregisterQueue            
000022f5  vQueueSetQueueNumber             
000022f9  vQueueDelete                     
00002309  vQueueAddToRegistry              
00002325  uxQueueSpacesAvailable           
00002339  uxQueueMessagesWaitingFromISR    
0000233d  uxQueueMessagesWaiting           
0000234f  uxQueueGetQueueNumber            
00002353  ucQueueGetQueueType              
00002361  xTimerIsTimerActive              
00002379  xTimerGenericCommand             
000023f5  xTimerCreateTimerTask            
00002427  xTimerCreate                     
00002461  vTimerSetTimerID                 
00002477  pvTimerGetTimerID                
000026c5  pcTimerGetTimerName              
000026ed  SysCtlClockFreqSet               
000028ed  __aeabi_dsub                     
000028f7  __aeabi_dadd                     
00002aa3  __aeabi_idiv0                    
00002aa3  __aeabi_ldiv0                    
00002aa5  GPIOPadConfigSet                 
00002c11  __aeabi_ddiv                     
00002d49  xPortGetFreeHeapSize             
00002d4f  vPortInitialiseBlocks            
00002d51  vPortFree                        
00002db1  pvPortMalloc                     
00002e61  __aeabi_dmul                     
00002f5d  floor                            
00002f5d  floorl                           
00003055  xPortSysTickHandler              
0000307b  vPortSetupTimerInterrupt         
00003087  xPortStartScheduler              
000030bf  vPortExitCritical                
000030d1  vPortEnterCritical               
000030e9  vPortEndScheduler                
000030eb  pxPortInitialiseStack            
00003141  ulPortGetIPSR                    
00003159  xPortPendSVHandler               
000031b9  vPortSVCHandler                  
000031d9  vPortStartFirstTask              
000031f5  vPortEnableVFP                   
00003203  __aeabi_memcpy                   
00003203  __aeabi_memcpy4                  
00003203  __aeabi_memcpy8                  
00003203  memcpy                           
0000329f  vListInsertEnd                   
000032b7  vListInsert                      
000032ef  vListInitialiseItem              
000032f5  vListInitialise                  
0000330b  uxListRemove                     
0000332b  __aeabi_cdrcmple                 
000033b1  __aeabi_memclr                   
000033b1  __aeabi_memclr4                  
000033b1  __aeabi_memclr8                  
000033b3  __aeabi_memset                   
000033b3  __aeabi_memset4                  
000033b3  __aeabi_memset8                  
000033b9  memset                           
0000342b  __TI_decompress_lzss             
00003495  GPIOPinConfigure                 
00003529  __aeabi_d2iz                     
00003571  UARTConfigSetExpClk              
000035b9  __TI_auto_init_nobinit_nopinit   
000035fd  __aeabi_uidiv                    
000035fd  __aeabi_uidivmod                 
0000363d  SysCtlPeripheralPresent          
00003675  SysCtlPeripheralEnable           
000036a9  _c_int00_noargs                  
000036dd  __aeabi_i2d                      
0000370b  GPIODirModeSet                   
00003739  UARTDisable                      
00003779  GPIOPinTypeUART                  
0000378f  UARTEnable                       
000037a3  __TI_decompress_none             
000037b1  __TI_zero_init                   
000037bd  ResetISR                         
000037c9  UARTCharGet                      
000037d3  UARTCharPut                      
000037dd  UARTClockSourceSet               
000037e3  _system_pre_init                 
000037e7  C$$EXIT                          
000037e7  abort                            
00003ae8  ulMaxSyscallInterruptPriority    
00003b00  __TI_Handler_Table_Base          
00003b0c  __TI_Handler_Table_Limit         
00003b18  __TI_CINIT_Base                  
00003b28  __TI_CINIT_Limit                 
20000000  __start___llvm_prf_cnts          
20000000  __stop___llvm_prf_cnts           
2000c3b4  xQueueRegistry                   
2000c4a0  mutex_handle                     
2000c4a8  __stack                          
2000c6a8  __STACK_END                      
2000c6a8  __STACK_TOP                      
2000c6a8  pxCurrentTCB                     
ffffffff  __TI_pprof_out_hndl              
ffffffff  __TI_prof_data_size              
ffffffff  __TI_prof_data_start             
ffffffff  __binit__                        
ffffffff  __c_args__                       
ffffffff  binit                            
UNDEFED   __mpu_init                       
UNDEFED   _system_post_cinit               

[177 symbols]
